<?xml version="1.0" encoding="UTF-8"?>
<root>
	<application>
		<version>1.0</version>
	</application>
	<file_entity>
		<name>file_01.txt</name>
		<filesize_bytes>100</filesize_bytes>
		<number_hidden_data_bytes>199</number_hidden_data_bytes>
		<hash_cheksum>
			<hash_cheksum_entity>
				<algorithm_name>md5</algorithm_name>
				<cheksum>1xxx</cheksum>
			</hash_cheksum_entity>
			<hash_cheksum_entity>
				<algorithm_name>adler32</algorithm_name>
				<cheksum>1yyy</cheksum>
			</hash_cheksum_entity>
		</hash_cheksum>
	</file_entity>
	<file_entity>
		<name>file_02.txt</name>
		<filesize_bytes>200</filesize_bytes>
		<number_hidden_data_bytes>299</number_hidden_data_bytes>
		<hash_cheksum>
			<hash_cheksum_entity>
				<algorithm_name>md5</algorithm_name>
				<cheksum>2xxx</cheksum>
			</hash_cheksum_entity>
			<hash_cheksum_entity>
				<algorithm_name>adler32</algorithm_name>
				<cheksum>2yyy</cheksum>
			</hash_cheksum_entity>
		</hash_cheksum>
	</file_entity>
	<file_entity>
		<name>file_03.txt</name>
		<filesize_bytes>300</filesize_bytes>
		<number_hidden_data_bytes>399</number_hidden_data_bytes>
		<hash_cheksum>
			<hash_cheksum_entity>
				<algorithm_name>md5</algorithm_name>
				<cheksum>3xxx</cheksum>
			</hash_cheksum_entity>
			<hash_cheksum_entity>
				<algorithm_name>adler32</algorithm_name>
				<cheksum>3yyy</cheksum>
			</hash_cheksum_entity>
		</hash_cheksum>
	</file_entity>
</root>
