<?xml version="1.0" encoding="UTF-8"?>
<tag01>value of tag01</tag01>
<tag02>
    <tag001>value of tag02-tag001</tag001>
    <tag002>value of tag02-tag002</tag002>
    <tag03>
        <tag001>value of tag03-tag001</tag001>
    </tag03>
    <tag04>
        <tag004>
            <tag001>value of tag04-tag004-tag001</tag001>
        </tag004>
    </tag04>
</tag02>
